stack trace at:
main() pid 0	pc 0x00000e ptr.p:15
	local variables:
	p = 0x401ac38
	q = 0x401ac98

global variables:
Maxint = 2147483647
Minint = -2147483646
Maxchar = '每'
Minchar = '\000'
Eol = '\n'
Eof = '每'
Tab = '\t'
Esc = '\033'
Nul = '\000'
stdin = <stdin>
stdout = <stdout>
heap:
0x401ac98 = -151916301
0x401ac38 = 1448169555
3
stack trace at:
main() pid 0	pc 0x000030 ptr.p:20
	local variables:
	p = 0x401ac38
	q = 0x401ac38

global variables:
Maxint = 2147483647
Minint = -2147483646
Maxchar = '每'
Minchar = '\000'
Eol = '\n'
Eof = '每'
Tab = '\t'
Esc = '\033'
Nul = '\000'
stdin = <stdin>
stdout = <stdout>
heap:
0x401ac98 = -151916301
0x401ac38 = 3
memory leaks:
ptr.p:13	(1 times)
ptr.p:14	(1 times)
