2.00000
2.00000
sqrts.p:15: run time violation: sys: fp: invalid operation fppc=0x8a58 status=0x81a1 pc=0x00005dc8
pc=0x36, sp=0x50, fp=0x50
